python : INFO:__main__:Loading tokenizer...
At line:1 char:30
+ .\venv\Scripts\Activate.ps1; python test_model_simple.py 2>&1 | tee t ...
+                              ~~~~~~~~~~~~~~~~~~~~~~~~~~~~~~~~
    + CategoryInfo          : NotSpecified: (INFO:__main__:Loading tokenizer...:String) [ 
   ], RemoteException
    + FullyQualifiedErrorId : NativeCommandError
 
H:\Pidima\venv\Lib\site-packages\huggingface_hub\file_download.py:942: FutureWarning: 
`resume_download` is deprecated and will be removed in version 1.0.0. Downloads always 
resume when possible. If you want to force a new download, use `force_download=True`.
  warnings.warn(
